// Vitest Snapshot v1, https://vitest.dev/guide/snapshot.html

exports[`Renders Home.jsx correctly 1`] = `
<div>
  <div
    class="sc-blHHSb jNgcFa"
  >
    <h1>
      Welcome to our shop!
    </h1>
    <a
      data-discover="true"
      href="/shop"
    >
      Start Shopping
    </a>
  </div>
</div>
`;
